// Jest Snapshot v1, https://goo.gl/fbAQLP

exports[`router home returns some shit 1`] = `"Hello World!"`;
